
===========================================================================
 report_power
============================================================================
======================= Fastest Corner ===================================

Group                  Internal  Switching    Leakage      Total
                          Power      Power      Power      Power (Watts)
----------------------------------------------------------------
Sequential             1.32e-03   7.17e-06   7.24e-09   1.33e-03  50.9%
Combinational          8.50e-05   2.40e-04   3.77e-08   3.25e-04  12.5%
Clock                  4.44e-04   5.11e-04   1.03e-08   9.56e-04  36.6%
Macro                  0.00e+00   0.00e+00   0.00e+00   0.00e+00   0.0%
Pad                    0.00e+00   0.00e+00   0.00e+00   0.00e+00   0.0%
----------------------------------------------------------------
Total                  1.85e-03   7.58e-04   5.53e-08   2.61e-03 100.0%
                          70.9%      29.1%       0.0%

======================= Slowest Corner ===================================

Group                  Internal  Switching    Leakage      Total
                          Power      Power      Power      Power (Watts)
----------------------------------------------------------------
Sequential             9.21e-04   4.78e-06   6.38e-06   9.32e-04  51.0%
Combinational          6.19e-05   1.61e-04   2.47e-05   2.47e-04  13.5%
Clock                  3.19e-04   3.28e-04   7.49e-07   6.47e-04  35.5%
Macro                  0.00e+00   0.00e+00   0.00e+00   0.00e+00   0.0%
Pad                    0.00e+00   0.00e+00   0.00e+00   0.00e+00   0.0%
----------------------------------------------------------------
Total                  1.30e-03   4.93e-04   3.18e-05   1.83e-03 100.0%
                          71.2%      27.0%       1.7%

======================= Typical Corner ===================================

Group                  Internal  Switching    Leakage      Total
                          Power      Power      Power      Power (Watts)
----------------------------------------------------------------
Sequential             1.14e-03   6.08e-06   3.76e-09   1.15e-03  51.1%
Combinational          7.66e-05   2.04e-04   2.01e-08   2.80e-04  12.5%
Clock                  3.90e-04   4.29e-04   8.56e-09   8.20e-04  36.4%
Macro                  0.00e+00   0.00e+00   0.00e+00   0.00e+00   0.0%
Pad                    0.00e+00   0.00e+00   0.00e+00   0.00e+00   0.0%
----------------------------------------------------------------
Total                  1.61e-03   6.39e-04   3.24e-08   2.25e-03 100.0%
                          71.6%      28.4%       0.0%

